nohup: ignoring input

> tenth-avenue-frontend@1.0.0 dev
> vite --host 0.0.0.0

node:internal/modules/esm/resolve:283
    throw new ERR_MODULE_NOT_FOUND(
          ^

Error [ERR_MODULE_NOT_FOUND]: Cannot find module '/home/based/Desktop/Tenth-Avenue-Web-Design-Full-Backup-2026-07-12/frontend/node_modules/dist/node/cli.js' imported from /home/based/Desktop/Tenth-Avenue-Web-Design-Full-Backup-2026-07-12/frontend/node_modules/.bin/vite
    at finalizeResolution (node:internal/modules/esm/resolve:283:11)
    at moduleResolve (node:internal/modules/esm/resolve:952:10)
    at defaultResolve (node:internal/modules/esm/resolve:1188:11)
    at ModuleLoader.defaultResolve (node:internal/modules/esm/loader:708:12)
    at #cachedDefaultResolve (node:internal/modules/esm/loader:657:25)
    at ModuleLoader.resolve (node:internal/modules/esm/loader:640:38)
    at ModuleLoader.getModuleJobForImport (node:internal/modules/esm/loader:264:38)
    at ModuleLoader.import (node:internal/modules/esm/loader:605:34)
    at defaultImportModuleDynamicallyForModule (node:internal/modules/esm/utils:221:31)
    at importModuleDynamicallyCallback (node:internal/modules/esm/utils:260:12) {
  code: 'ERR_MODULE_NOT_FOUND',
  url: 'file:///home/based/Desktop/Tenth-Avenue-Web-Design-Full-Backup-2026-07-12/frontend/node_modules/dist/node/cli.js'
}

Node.js v20.20.2
